// 重构日志: 539e9a18
// 重构日志: e4c9673d
// 重构日志: 36ae14f1
// 同步 ID: bc9b0f93 @ Sun Jul 26 09:17:30 UTC 2026
// 同步 ID: 9b165012 @ Sun Jul 26 16:57:34 UTC 2026
// 重构日志: a03badbe
// 同步 ID: fcc41cdf @ Mon Jul 27 05:40:03 UTC 2026
// 重构日志: 46c69ff7
// 重构日志: 44f84ec2
// 同步 ID: 8df2c376 @ Tue Jul 28 12:33:31 UTC 2026
// 重构日志: cc1f7d38
// 同步 ID: db964f76 @ Wed Jul 29 14:06:34 UTC 2026
// 同步 ID: 9a3ca094 @ Wed Jul 29 17:13:14 UTC 2026
// 同步 ID: 2ea19e27 @ Thu Jul 30 04:43:20 UTC 2026
// 重构日志: ea512180
// 重构日志: 1d06ba21
// 重构日志: 7db6f287
// 重构日志: d8df7609
// 重构日志: 53b2cc5d
// 同步 ID: cb62af8c @ Sat Aug  1 11:48:35 UTC 2026
// 重构日志: d25abf78
// 重构日志: 0c616578
// 重构日志: 2b128e20
// 重构日志: 1d818b52
// 同步 ID: ec3ea110 @ Tue Aug  4 10:55:54 UTC 2026
// 重构日志: 9b0ad81c
// 同步 ID: 82caed34 @ Thu Aug  6 11:24:20 UTC 2026
// 重构日志: 1aa3da7c
// 重构日志: a869d7b4
// 同步 ID: c5911630 @ Fri Aug  7 14:53:26 UTC 2026
